\BOOKMARK [0][-]{section*.1}{\376\377\006\101\006\107\006\061\006\063\006\052\000\040\006\052\006\065\006\047\006\110\006\314\006\061}{}% 1
\BOOKMARK [0][-]{section*.2}{\376\377\006\101\006\107\006\061\006\063\006\052\000\040\006\054\006\057\006\047\006\110\006\104}{}% 2
\BOOKMARK [0][-]{chapter.1}{\376\377\006\105\006\102\006\057\006\105\006\107}{}% 3
\BOOKMARK [1][-]{section.1.1}{\376\377\006\176\006\314\006\064\040\014\006\257\006\101\006\052\006\047\006\061}{chapter.1}% 4
\BOOKMARK [1][-]{section.1.2}{\376\377\006\050\006\314\006\047\006\106\000\040\006\105\006\063\006\046\006\104\006\107}{chapter.1}% 5
\BOOKMARK [1][-]{section.1.3}{\376\377\006\107\006\057\006\101\000\040\006\176\006\061\006\110\006\230\006\107}{chapter.1}% 6
\BOOKMARK [1][-]{section.1.4}{\376\377\006\061\006\047\006\107\006\251\006\047\006\061\000\040\006\047\006\061\006\047\006\046\006\107\040\014\006\064\006\057\006\107\000:\000\040\006\106\006\110\006\110\006\047\006\230\006\107}{chapter.1}% 7
\BOOKMARK [1][-]{section.1.5}{\376\377\006\061\006\110\006\314\006\251\006\061\006\057\000\040\006\047\006\106\006\054\006\047\006\105\000\040\006\176\006\061\006\110\006\230\006\107}{chapter.1}% 8
\BOOKMARK [1][-]{section.1.6}{\376\377\006\057\006\047\006\105\006\106\006\107\000\040\006\110\000\040\006\105\006\055\006\057\006\110\006\057\006\314\006\052\040\014\006\107\006\047}{chapter.1}% 9
\BOOKMARK [1][-]{section.1.7}{\376\377\006\057\006\063\006\052\006\047\006\110\006\061\006\057\006\107\006\047\006\314\000\040\006\176\006\061\006\110\006\230\006\107}{chapter.1}% 10
\BOOKMARK [1][-]{section.1.8}{\376\377\006\063\006\047\006\056\006\052\006\047\006\061\000\040\006\257\006\062\006\047\006\061\006\064}{chapter.1}% 11
\BOOKMARK [0][-]{chapter.2}{\376\377\006\105\006\101\006\047\006\107\006\314\006\105\000\040\006\176\006\047\006\314\006\107}{}% 12
\BOOKMARK [1][-]{section.2.1}{\376\377\006\105\006\102\006\057\006\105\006\107}{chapter.2}% 13
\BOOKMARK [1][-]{section.2.2}{\376\377\006\047\006\061\006\052\006\050\006\047\006\067\006\014\000\040\006\257\006\101\006\052\006\047\006\061\000\040\006\110\000\040\006\062\006\050\006\047\006\106}{chapter.2}% 14
\BOOKMARK [1][-]{section.2.3}{\376\377\006\061\006\064\006\057\000\040\006\257\006\101\006\052\006\047\006\061\000\040\006\110\000\040\006\062\006\050\006\047\006\106\000\040\006\052\006\047\000\040\006\063\006\107\040\014\006\063\006\047\006\104\006\257\006\314}{chapter.2}% 15
\BOOKMARK [1][-]{section.2.4}{\376\377\006\052\006\043\006\056\006\314\006\061\000\040\006\062\006\050\006\047\006\106\006\314\000\040\006\110\000\040\006\257\006\101\006\052\006\047\006\061\006\057\006\061\006\105\006\047\006\106\006\314}{chapter.2}% 16
\BOOKMARK [1][-]{section.2.5}{\376\377\006\047\006\053\006\061\000\040\006\050\006\047\006\062\006\314\000\040\006\050\006\061\000\040\006\314\006\047\006\057\006\257\006\314\006\061\006\314\000\040\006\062\006\050\006\047\006\106}{chapter.2}% 17
\BOOKMARK [1][-]{section.2.6}{\376\377\006\061\006\063\006\047\006\106\006\107\006\124\000\040\006\057\006\314\006\054\006\314\006\052\006\047\006\104\000\040\006\110\000\040\006\106\006\102\006\064\000\040\006\110\006\047\006\104\006\057}{chapter.2}% 18
\BOOKMARK [1][-]{section.2.7}{\376\377\006\251\006\047\006\061\006\050\006\061\006\057\000\040\006\105\006\101\006\047\006\107\006\314\006\105\000\040\006\057\006\061\000\040\006\106\006\110\006\110\006\047\006\230\006\107}{chapter.2}% 19
\BOOKMARK [1][-]{section.2.8}{\376\377\006\054\006\105\006\071\040\014\006\050\006\106\006\057\006\314}{chapter.2}% 20
\BOOKMARK [0][-]{chapter.3}{\376\377\006\061\006\047\006\107\006\106\006\105\006\047\006\314\000\040\006\101\006\106\006\314}{}% 21
\BOOKMARK [1][-]{section.3.1}{\376\377\006\105\006\071\006\105\006\047\006\061\006\314\000\040\006\176\006\061\006\110\006\230\006\107}{chapter.3}% 22
\BOOKMARK [1][-]{section.3.2}{\376\377\006\106\006\063\006\056\006\107\040\014\006\107\006\047\000\040\006\110\000\040\006\176\006\314\006\064\040\014\006\106\006\314\006\047\006\062\006\107\006\047}{chapter.3}% 23
\BOOKMARK [1][-]{section.3.3}{\376\377\006\057\006\061\006\314\006\047\006\101\006\052\000\040\006\110\006\047\006\050\006\063\006\052\006\257\006\314\040\014\006\107\006\047\000\040\006\057\006\061\000\040\006\047\006\314\006\061\006\047\006\106}{chapter.3}% 24
\BOOKMARK [1][-]{section.3.4}{\376\377\006\052\006\106\006\070\006\314\006\105\000\040\006\047\006\106\006\057\006\061\006\110\006\314\006\057\000\040\006\047\006\063\006\052\006\110\006\057\006\314\006\110\000\040\006\110\000\040\006\176\006\061\006\110\006\230\006\107}{chapter.3}% 25
\BOOKMARK [1][-]{section.3.5}{\376\377\006\061\006\047\006\107\040\014\006\047\006\106\006\057\006\047\006\062\006\314\000\040\006\105\006\055\006\104\006\314\000\040\006\251\006\047\006\061\006\063\006\047\006\062}{chapter.3}% 26
\BOOKMARK [1][-]{section.3.6}{\376\377\006\047\006\054\006\061\006\047\006\314\000\040\006\050\006\061\006\106\006\047\006\105\006\107\006\124\000\040\006\047\006\106\006\057\006\061\006\110\006\314\006\057}{chapter.3}% 27
\BOOKMARK [1][-]{section.3.7}{\376\377\006\047\006\054\006\061\006\047\006\314\000\040\006\050\006\061\006\106\006\047\006\105\006\107\006\124\000\040\006\042\006\314\040\014\006\047\006\110\006\047\006\063}{chapter.3}% 28
\BOOKMARK [1][-]{section.3.8}{\376\377\006\052\006\061\006\052\006\314\006\050\000\040\006\047\006\054\006\061\006\047\006\314\000\040\006\063\006\047\006\105\006\047\006\106\006\107}{chapter.3}% 29
\BOOKMARK [1][-]{section.3.9}{\376\377\006\042\006\062\006\105\006\110\006\106\000\040\006\110\000\040\006\063\006\047\006\056\006\052}{chapter.3}% 30
\BOOKMARK [1][-]{section.3.10}{\376\377\006\056\006\067\006\047\006\107\006\047\006\314\000\040\006\061\006\047\006\314\006\054}{chapter.3}% 31
\BOOKMARK [1][-]{section.3.11}{\376\377\006\106\006\251\006\047\006\052\000\040\006\047\006\105\006\106\006\314\006\052\006\314\000\040\006\047\006\063\006\052\006\102\006\061\006\047\006\061}{chapter.3}% 32
\BOOKMARK [0][-]{chapter.4}{\376\377\006\061\006\047\006\107\006\106\006\105\006\047\006\314\000\040\006\251\006\047\006\061\006\050\006\061}{}% 33
\BOOKMARK [1][-]{section.4.1}{\376\377\006\064\006\061\006\110\006\071\000\040\006\063\006\061\006\314\006\071}{chapter.4}% 34
\BOOKMARK [1][-]{section.4.2}{\376\377\006\063\006\047\006\056\006\052\000\040\006\055\006\063\006\047\006\050\000\040\006\110\000\040\006\110\006\061\006\110\006\057}{chapter.4}% 35
\BOOKMARK [1][-]{section.4.3}{\376\377\006\057\006\047\006\064\006\050\006\110\006\061\006\057\000\040\006\110\000\040\006\052\006\106\006\070\006\314\006\105\006\047\006\052\000\040\006\110\006\047\006\104\006\057}{chapter.4}% 36
\BOOKMARK [2][-]{subsection.4.3.1}{\376\377\006\047\006\101\006\062\006\110\006\057\006\106\000\040\006\110\000\040\006\047\006\106\006\052\006\056\006\047\006\050\000\040\006\251\006\110\006\057\006\251}{section.4.3}% 37
\BOOKMARK [1][-]{section.4.4}{\376\377\006\042\006\105\006\110\006\062\006\064\000\040\006\110\006\047\006\230\006\107\040\014\006\107\006\047}{chapter.4}% 38
\BOOKMARK [1][-]{section.4.5}{\376\377\006\042\006\062\006\105\006\110\006\106\000\040\006\064\006\106\006\314\006\057\006\047\006\061\006\314}{chapter.4}% 39
\BOOKMARK [1][-]{section.4.6}{\376\377\006\050\006\047\006\062\006\314\040\014\006\107\006\047\006\314\000\040\006\251\006\110\006\057\006\251}{chapter.4}% 40
\BOOKMARK [2][-]{subsection.4.6.1}{\376\377\006\050\006\047\006\062\006\314\000\040\006\055\006\047\006\101\006\070\006\107\000\040\006\110\000\040\006\050\006\047\006\062\006\314\000\040\006\061\006\106\006\257\040\014\006\107\006\047}{section.4.6}% 41
\BOOKMARK [2][-]{subsection.4.6.2}{\376\377\006\050\006\047\006\062\006\314\000\040\006\105\006\052\006\101\006\047\006\110\006\052\000\040\006\110\000\040\006\050\006\047\006\062\006\314\000\040\006\063\006\047\006\314\006\107\040\014\006\107\006\047}{section.4.6}% 42
\BOOKMARK [2][-]{subsection.4.6.3}{\376\377\006\050\006\047\006\062\006\314\000\040\006\206\006\107\006\061\006\107\040\014\006\063\006\047\006\062\006\314}{section.4.6}% 43
\BOOKMARK [1][-]{section.4.7}{\376\377\006\047\006\101\006\062\006\110\006\057\006\106\000\040\006\057\006\063\006\052\006\107\000\040\006\110\000\040\006\110\006\047\006\230\006\107\006\124\000\040\006\064\006\056\006\065\006\314}{chapter.4}% 44
\BOOKMARK [1][-]{section.4.8}{\376\377\006\052\006\106\006\070\006\314\006\105\000\040\006\062\006\105\006\047\006\106\000\040\006\110\000\040\006\055\006\047\006\104\006\052\000\040\006\251\006\110\006\057\006\251}{chapter.4}% 45
\BOOKMARK [1][-]{section.4.9}{\376\377\006\061\006\101\006\071\000\040\006\105\006\064\006\251\006\104\006\047\006\052\000\040\006\061\006\047\006\314\006\054}{chapter.4}% 46
\BOOKMARK [1][-]{section.4.10}{\376\377\006\052\006\110\006\065\006\314\006\107\040\014\006\107\006\047\006\314\000\040\006\047\006\063\006\052\006\101\006\047\006\057\006\107\006\124\000\040\006\105\006\106\006\047\006\063\006\050}{chapter.4}% 47
\BOOKMARK [0][-]{chapter.5}{\376\377\006\054\006\105\006\071\040\014\006\050\006\106\006\057\006\314\000\040\006\110\000\040\006\251\006\047\006\061\006\107\006\047\006\314\000\040\006\042\006\314\006\106\006\057\006\107}{}% 48
\BOOKMARK [1][-]{section.5.1}{\376\377\006\054\006\105\006\071\040\014\006\050\006\106\006\057\006\314\000\040\006\176\006\061\006\110\006\230\006\107}{chapter.5}% 49
\BOOKMARK [1][-]{section.5.2}{\376\377\006\105\006\055\006\057\006\110\006\057\006\314\006\052\040\014\006\107\006\047\006\314\000\040\006\106\006\063\006\056\006\107\006\124\000\040\006\101\006\071\006\104\006\314}{chapter.5}% 50
\BOOKMARK [1][-]{section.5.3}{\376\377\006\251\006\047\006\061\006\107\006\047\006\314\000\040\006\042\006\314\006\106\006\057\006\107}{chapter.5}% 51
\BOOKMARK [2][-]{subsection.5.3.1}{\376\377\006\063\006\067\006\055\040\014\006\050\006\106\006\057\006\314\000\040\006\050\006\047\006\062\006\314\040\014\006\107\006\047}{section.5.3}% 52
\BOOKMARK [2][-]{subsection.5.3.2}{\376\377\006\047\006\101\006\062\006\110\006\057\006\106\000\040\006\105\006\061\006\055\006\104\006\107\000\040\006\050\006\107\000\040\006\050\006\047\006\062\006\314\040\014\006\107\006\047}{section.5.3}% 53
\BOOKMARK [2][-]{subsection.5.3.3}{\376\377\006\047\006\101\006\062\006\110\006\057\006\106\000\040\006\052\006\105\000\040\006\057\006\056\006\052\006\061\006\047\006\106\006\107\000\040\006\110\000\040\006\176\006\063\006\061\006\047\006\106\006\107}{section.5.3}% 54
\BOOKMARK [2][-]{subsection.5.3.4}{\376\377\006\047\006\061\006\062\006\314\006\047\006\050\006\314\000\040\006\110\000\040\006\052\006\110\006\063\006\071\006\107\040\014\006\107\006\047\006\314\000\040\006\052\006\251\006\105\006\314\006\104\006\314}{section.5.3}% 55
\BOOKMARK [1][-]{section.5.4}{\376\377\006\106\006\052\006\314\006\054\006\107\006\124\000\040\006\106\006\107\006\047\006\314\006\314}{chapter.5}% 56
\BOOKMARK [0][-]{chapter*.18}{\376\377\006\251\006\052\006\047\006\050\040\014\006\106\006\047\006\105\006\107}{}% 57
